version https://git-lfs.github.com/spec/v1
oid sha256:613d2c0ef185afac98f903b18b81aa0af334073dc06e0f7a9432a06d067d3159
size 311672832
